Archive member included because of file (symbol)

./libee.a(ee_entry.o)         obj/pkg/mcu/freescale_mpc5674f/src/ee_boot.o (cpu_setup)
./libee.a(ee_e200zx_cpu.o)    obj/pkg/mcu/freescale_mpc5674f/src/ee_boot.o (EE_e200zx_sys_stack)
./libee.a(ee_ivor.o)          ./libee.a(ee_entry.o) (ivor_setup)
./libee.a(ee_irq.o)           ./libee.a(ee_entry.o) (EE_e200z7_irq)
./libee.a(ee_terminat.o)      obj/code.o (EE_oo_TerminateTask)
./libee.a(ee_irqendin.o)      ./libee.a(ee_irq.o) (EE_IRQ_end_instance)
./libee.a(ee_tstub.o)         obj/eecfg.o (EE_oo_thread_stub)
./libee.a(ee_lookup.o)        ./libee.a(ee_irqendin.o) (EE_oo_IRQ_disable_count)
./libee.a(ee_rq_exchg.o)      ./libee.a(ee_irqendin.o) (EE_rq2stk_exchange)
./libee.a(ee_startos.o)       obj/code.o (EE_oo_StartOS)
./libee.a(ee_oo.o)            ./libee.a(ee_tstub.o) (EE_hal_terminate_savestk)
./libee.a(ee_hal_structs.o)   ./libee.a(ee_irq.o) (EE_std_endcycle_next_tid)
./libee.a(ee_context.o)       ./libee.a(ee_irq.o) (EE_std_run_task_code)
./libee.a(ee_thendin.o)       ./libee.a(ee_context.o) (EE_thread_end_instance)
./libee.a(ee_tnterm.o)        ./libee.a(ee_oo.o) (EE_thread_not_terminated)
./libee.a(ee_rq_inser.o)      ./libee.a(ee_startos.o) (EE_rq_insert)
./libee.a(ee_ulockallres.o)   ./libee.a(ee_tnterm.o) (EE_oo_release_all_resources)
./libee.a(ee_lockres.o)       ./libee.a(ee_ulockallres.o) (EE_ORTI_resource_oldpriority)

Discarded input sections

 .text          0x00000000        0x0 obj/eecfg.o
 .data          0x00000000        0x0 obj/eecfg.o
 .bss           0x00000000        0x0 obj/eecfg.o
 .rodata.EE_resource_ceiling
                0x00000000        0x4 obj/eecfg.o
 .rodata.EE_hal_thread_body
                0x00000000        0x4 obj/eecfg.o
 .text          0x00000000        0x0 obj/code.o
 .data          0x00000000        0x0 obj/code.o
 .bss           0x00000000        0x0 obj/code.o
 .text.mydelay  0x00000000       0x38 obj/code.o
 .bss.mycounter
                0x00000000        0x4 obj/code.o
 .text          0x00000000        0x0 obj/lcd.o
 .data          0x00000000        0x0 obj/lcd.o
 .bss           0x00000000        0x0 obj/lcd.o
 .text.lcd_setrs
                0x00000000       0x1c obj/lcd.o
 .text.lcd_setrw
                0x00000000       0x1c obj/lcd.o
 .text.lcd_seten
                0x00000000       0x1c obj/lcd.o
 .text.lcd_setport
                0x00000000       0x14 obj/lcd.o
 .text.lcd_getport
                0x00000000       0x14 obj/lcd.o
 .text          0x00000000        0x0 obj/pkg/mcu/freescale_mpc5674f/src/ee_boot.o
 .data          0x00000000        0x0 obj/pkg/mcu/freescale_mpc5674f/src/ee_boot.o
 .bss           0x00000000        0x0 obj/pkg/mcu/freescale_mpc5674f/src/ee_boot.o
 .data          0x00000000        0x0 ./libee.a(ee_entry.o)
 .bss           0x00000000        0x0 ./libee.a(ee_entry.o)
 .text          0x00000000        0x0 ./libee.a(ee_e200zx_cpu.o)
 .data          0x00000000        0x0 ./libee.a(ee_e200zx_cpu.o)
 .bss           0x00000000        0x0 ./libee.a(ee_e200zx_cpu.o)
 .text.EE_e200zx_setup_fixed_intv
                0x00000000       0x2c ./libee.a(ee_e200zx_cpu.o)
 .text.EE_e200zx_stop_fixed_intv
                0x00000000       0x10 ./libee.a(ee_e200zx_cpu.o)
 .text.EE_e200z7_setup_decrementer
                0x00000000       0x18 ./libee.a(ee_e200zx_cpu.o)
 .text.EE_e200z7_setup_decrementer_oneshot
                0x00000000       0x18 ./libee.a(ee_e200zx_cpu.o)
 .text.EE_e200z7_stop_decrementer
                0x00000000       0x30 ./libee.a(ee_e200zx_cpu.o)
 .text.EE_e200zx_delay
                0x00000000       0x18 ./libee.a(ee_e200zx_cpu.o)
 .data          0x00000000        0x0 ./libee.a(ee_ivor.o)
 .bss           0x00000000        0x0 ./libee.a(ee_ivor.o)
 .text          0x00000000        0x0 ./libee.a(ee_irq.o)
 .data          0x00000000        0x0 ./libee.a(ee_irq.o)
 .bss           0x00000000        0x0 ./libee.a(ee_irq.o)
 .text.EE_e200z7_register_ISR
                0x00000000       0x34 ./libee.a(ee_irq.o)
 .text          0x00000000        0x0 ./libee.a(ee_terminat.o)
 .data          0x00000000        0x0 ./libee.a(ee_terminat.o)
 .bss           0x00000000        0x0 ./libee.a(ee_terminat.o)
 .text          0x00000000        0x0 ./libee.a(ee_irqendin.o)
 .data          0x00000000        0x0 ./libee.a(ee_irqendin.o)
 .bss           0x00000000        0x0 ./libee.a(ee_irqendin.o)
 .text          0x00000000        0x0 ./libee.a(ee_tstub.o)
 .data          0x00000000        0x0 ./libee.a(ee_tstub.o)
 .bss           0x00000000        0x0 ./libee.a(ee_tstub.o)
 .text          0x00000000        0x0 ./libee.a(ee_lookup.o)
 .data          0x00000000        0x0 ./libee.a(ee_lookup.o)
 .bss           0x00000000        0x0 ./libee.a(ee_lookup.o)
 .bss.EE_oo_IRQ_suspend_status
                0x00000000        0x4 ./libee.a(ee_lookup.o)
 .text          0x00000000        0x0 ./libee.a(ee_rq_exchg.o)
 .data          0x00000000        0x0 ./libee.a(ee_rq_exchg.o)
 .bss           0x00000000        0x0 ./libee.a(ee_rq_exchg.o)
 .text          0x00000000        0x0 ./libee.a(ee_startos.o)
 .data          0x00000000        0x0 ./libee.a(ee_startos.o)
 .bss           0x00000000        0x0 ./libee.a(ee_startos.o)
 .data          0x00000000        0x0 ./libee.a(ee_oo.o)
 .bss           0x00000000        0x0 ./libee.a(ee_oo.o)
 .text          0x00000000        0x0 ./libee.a(ee_hal_structs.o)
 .data          0x00000000        0x0 ./libee.a(ee_hal_structs.o)
 .bss           0x00000000        0x0 ./libee.a(ee_hal_structs.o)
 .text          0x00000000        0x0 ./libee.a(ee_context.o)
 .data          0x00000000        0x0 ./libee.a(ee_context.o)
 .bss           0x00000000        0x0 ./libee.a(ee_context.o)
 .text          0x00000000        0x0 ./libee.a(ee_thendin.o)
 .data          0x00000000        0x0 ./libee.a(ee_thendin.o)
 .bss           0x00000000        0x0 ./libee.a(ee_thendin.o)
 .text          0x00000000        0x0 ./libee.a(ee_tnterm.o)
 .data          0x00000000        0x0 ./libee.a(ee_tnterm.o)
 .bss           0x00000000        0x0 ./libee.a(ee_tnterm.o)
 .text          0x00000000        0x0 ./libee.a(ee_rq_inser.o)
 .data          0x00000000        0x0 ./libee.a(ee_rq_inser.o)
 .bss           0x00000000        0x0 ./libee.a(ee_rq_inser.o)
 .text          0x00000000        0x0 ./libee.a(ee_ulockallres.o)
 .data          0x00000000        0x0 ./libee.a(ee_ulockallres.o)
 .bss           0x00000000        0x0 ./libee.a(ee_ulockallres.o)
 .text          0x00000000        0x0 ./libee.a(ee_lockres.o)
 .data          0x00000000        0x0 ./libee.a(ee_lockres.o)
 .bss           0x00000000        0x0 ./libee.a(ee_lockres.o)
 .text.EE_oo_GetResource
                0x00000000      0x140 ./libee.a(ee_lockres.o)
 .bss.EE_ORTI_res_locker
                0x00000000        0x4 ./libee.a(ee_lockres.o)

Memory Configuration

Name             Origin             Length             Attributes
iboot            0x00000000         0x00020000         xr
iflash           0x00020000         0x001c0000         xr
isram            0x40000000         0x00040000         xrw
*default*        0x00000000         0xffffffff

Linker script and memory map

                0x40000000                isram_base = ORIGIN (isram)
                0x00040000                isram_len = 0x40000

.boot           0x00000000      0x238
 *(.boot_data)
 .boot_data     0x00000000        0x8 obj/pkg/mcu/freescale_mpc5674f/src/ee_boot.o
                0x00000000                _bam_data
 *(.boot)
 *fill*         0x00000008       0xf8 
 .boot          0x00000100       0xd0 obj/pkg/mcu/freescale_mpc5674f/src/ee_boot.o
                0x00000100                __start
 *fill*         0x000001d0       0x30 
 .boot          0x00000200       0x38 ./libee.a(ee_entry.o)
                0x00000200                sram_setup

.text           0x00020000      0xf30
 *(.text)
 .text          0x00020000      0x128 ./libee.a(ee_entry.o)
                0x000200bc                EE_e200zx_external_input_handler
                0x000200d8                EE_e200zx_decrementer_handler
                0x000200f0                EE_e200zx_fixed_intv_handler
                0x00020108                cpu_setup
 *fill*         0x00020128       0xd8 
 .text          0x00020200      0x1e0 ./libee.a(ee_ivor.o)
                0x00020310                ivor_setup
 .text          0x000203e0       0x6c ./libee.a(ee_oo.o)
                0x000203e0                EE_hal_terminate_savestk
                0x00020428                EE_hal_terminate_task
 *(.text.*)
 .text.FuncTaskShowLCD
                0x0002044c      0x128 obj/code.o
                0x0002044c                FuncTaskShowLCD
 .text.startup.main
                0x00020574       0x1c obj/code.o
                0x00020574                main
 .text.lcd_portinit
                0x00020590       0x8c obj/lcd.o
                0x00020590                lcd_portinit
 .text.lcd_init
                0x0002061c       0xa8 obj/lcd.o
                0x0002061c                lcd_init
 .text.lcd_sendchar
                0x000206c4       0x68 obj/lcd.o
                0x000206c4                lcd_sendchar
 .text.lcd_set_custom_char
                0x0002072c       0x84 obj/lcd.o
                0x0002072c                lcd_set_custom_char
 .text.EE_e200z7_irq
                0x000207b0       0xfc ./libee.a(ee_irq.o)
                0x000207b0                EE_e200z7_irq
 .text.EE_oo_TerminateTask
                0x000208ac       0x8c ./libee.a(ee_terminat.o)
                0x000208ac                EE_oo_TerminateTask
 .text.EE_IRQ_end_instance
                0x00020938       0x98 ./libee.a(ee_irqendin.o)
                0x00020938                EE_IRQ_end_instance
 .text.EE_IRQ_end_post_stub
                0x000209d0       0x28 ./libee.a(ee_irqendin.o)
                0x000209d0                EE_IRQ_end_post_stub
 .text.EE_oo_thread_stub
                0x000209f8        0xc ./libee.a(ee_tstub.o)
                0x000209f8                EE_oo_thread_stub
 .text.EE_rq2stk_exchange
                0x00020a04       0x34 ./libee.a(ee_rq_exchg.o)
                0x00020a04                EE_rq2stk_exchange
 .text.EE_oo_StartOS
                0x00020a38      0x1e0 ./libee.a(ee_startos.o)
                0x00020a38                EE_oo_StartOS
 .text.EE_std_run_task_code
                0x00020c18       0x34 ./libee.a(ee_context.o)
                0x00020c18                EE_std_run_task_code
 .text.EE_thread_end_instance
                0x00020c4c      0x1b0 ./libee.a(ee_thendin.o)
                0x00020c4c                EE_thread_end_instance
 .text.EE_thread_not_terminated
                0x00020dfc       0x38 ./libee.a(ee_tnterm.o)
                0x00020dfc                EE_thread_not_terminated
 .text.EE_rq_insert
                0x00020e34       0x70 ./libee.a(ee_rq_inser.o)
                0x00020e34                EE_rq_insert
 .text.EE_oo_release_all_resources
                0x00020ea4       0x8c ./libee.a(ee_ulockallres.o)
                0x00020ea4                EE_oo_release_all_resources
 *(.init)
 *(.fini)
 *(rdata)
 *(.eini)

.glink          0x00020f30        0x0
 .glink         0x00000000        0x0 obj/eecfg.o

.rodata         0x00020f30       0x56
 *(.rodata)
 *(.rodata.*)
 .rodata.EE_oo_autostart_task_data
                0x00020f30       0x18 obj/eecfg.o
                0x00020f30                EE_oo_autostart_task_data
 .rodata.EE_th_ready_prio
                0x00020f48        0x4 obj/eecfg.o
                0x00020f48                EE_th_ready_prio
 .rodata.EE_terminate_real_th_body
                0x00020f4c        0x4 obj/eecfg.o
                0x00020f4c                EE_terminate_real_th_body
 .rodata.EE_th_dispatch_prio
                0x00020f50        0x4 obj/eecfg.o
                0x00020f50                EE_th_dispatch_prio
 .rodata.EE_oo_autostart_task_mode_ModeIncrement
                0x00020f54        0x4 obj/eecfg.o
 .rodata.long_flag.8439
                0x00020f58       0x2e obj/code.o

.eh_frame       0x00020f88        0x0
 .eh_frame      0x00000000        0x0 obj/eecfg.o

.eh_frame_hdr   0x00020f88        0x0
 .eh_frame_hdr  0x00000000        0x0 ./libee.a(ee_lockres.o)

.rela.dyn       0x00020f88        0x0
 .rela.iplt     0x00000000        0x0 obj/eecfg.o
 .rela.rodata.EE_hal_thread_body
                0x00000000        0x0 obj/eecfg.o
 .rela.rodata.EE_terminate_real_th_body
                0x00000000        0x0 obj/eecfg.o
 .rela.boot     0x00000000        0x0 obj/eecfg.o
 .rela.text.EE_e200z7_irq
                0x00000000        0x0 obj/eecfg.o
 .rela.text.EE_oo_TerminateTask
                0x00000000        0x0 obj/eecfg.o
 .rela.text.EE_IRQ_end_instance
                0x00000000        0x0 obj/eecfg.o
 .rela.text.EE_IRQ_end_post_stub
                0x00000000        0x0 obj/eecfg.o
 .rela.text.EE_oo_release_all_resources
                0x00000000        0x0 obj/eecfg.o

.sdata2         0x00020f86        0x0
                0x00008000                _SDA2_BASE_ = 0x8000
 *(.sdata2)
 *(.sdata2.*)

.sbss2          0x00020f86        0x0
                0x00020f86                ee_ssbss2 = .
 *(.sbss2)
 *(.sbss2.*)
                0x00020f86                ee_esbss2 = .

.rom_copy_info  0x00020f86        0x0
                0x00020f86                PROVIDE (ee_load_ram, .)

.data           0x40000000      0x270 load address 0x00020f86
                0x40000000                ee_sdata = .
                0x00008000                _SDA_BASE_ = 0x8000
 *(.data)
 *(.data.*)
 .data.EE_th_terminate_nextask
                0x40000000        0x4 obj/eecfg.o
                0x40000000                EE_th_terminate_nextask
 .data.EE_rq_first
                0x40000004        0x4 obj/eecfg.o
                0x40000004                EE_rq_first
 .data.EE_resource_stack
                0x40000008        0x4 obj/eecfg.o
                0x40000008                EE_resource_stack
 .data.EE_stkfirst
                0x4000000c        0x4 obj/eecfg.o
                0x4000000c                EE_stkfirst
 .data.EE_th_status
                0x40000010        0x4 obj/eecfg.o
                0x40000010                EE_th_status
 .data.EE_th_next
                0x40000014        0x4 obj/eecfg.o
                0x40000014                EE_th_next
 .data.EE_th_rnact
                0x40000018        0x4 obj/eecfg.o
                0x40000018                EE_th_rnact
 .data.EE_th_resource_last
                0x4000001c        0x4 obj/eecfg.o
                0x4000001c                EE_th_resource_last
 .data.charmap  0x40000020      0x249 obj/code.o
                0x40000020                charmap
 *fill*         0x40000269        0x3 
 .data.tunable_delay
                0x4000026c        0x4 obj/code.o
                0x4000026c                tunable_delay

.sdata
 *(.sdata)
 *(.sdata.*)

.sbss           0x40000270        0x0
                0x40000270                ee_sbss = .
 *(.sbss)
 *(.sbss.*)

.bss            0x40000270      0x7dc load address 0x000211f8
 *(.bss)
 *(.bss.*)
 .bss.EE_terminate_data
                0x40000270        0x4 obj/eecfg.o
                0x40000270                EE_terminate_data
 .bss.EE_ApplicationMode
                0x40000274        0x4 obj/eecfg.o
                0x40000274                EE_ApplicationMode
 .bss.EE_resource_oldceiling
                0x40000278        0x4 obj/eecfg.o
                0x40000278                EE_resource_oldceiling
 .bss.EE_sys_ceiling
                0x4000027c        0x4 obj/eecfg.o
                0x4000027c                EE_sys_ceiling
 .bss.EE_resource_locked
                0x40000280        0x4 obj/eecfg.o
                0x40000280                EE_resource_locked
 .bss.EE_e200z7_ISR_table
                0x40000284      0x7a8 ./libee.a(ee_irq.o)
                0x40000284                EE_e200z7_ISR_table
 .bss.EE_oo_IRQ_disable_count
                0x40000a2c        0x4 ./libee.a(ee_lookup.o)
                0x40000a2c                EE_oo_IRQ_disable_count
 .bss.EE_ORTI_lasterror
                0x40000a30        0x1 ./libee.a(ee_startos.o)
                0x40000a30                EE_ORTI_lasterror
 .bss.EE_ORTI_servicetrace
                0x40000a31        0x1 ./libee.a(ee_startos.o)
                0x40000a31                EE_ORTI_servicetrace
 *fill*         0x40000a32        0x2 
 .bss.EE_ORTI_runningisr2
                0x40000a34        0x4 ./libee.a(ee_startos.o)
                0x40000a34                EE_ORTI_runningisr2
 .bss.EE_ORTI_th_priority
                0x40000a38        0x4 ./libee.a(ee_startos.o)
                0x40000a38                EE_ORTI_th_priority
 .bss.EE_oo_started
                0x40000a3c        0x4 ./libee.a(ee_startos.o)
                0x40000a3c                EE_oo_started
 .bss.EE_IRQ_nesting_level
                0x40000a40        0x4 ./libee.a(ee_hal_structs.o)
                0x40000a40                EE_IRQ_nesting_level
 .bss.EE_std_endcycle_next_tid
                0x40000a44        0x4 ./libee.a(ee_hal_structs.o)
                0x40000a44                EE_std_endcycle_next_tid
 .bss.EE_ORTI_resource_oldpriority
                0x40000a48        0x4 ./libee.a(ee_lockres.o)
                0x40000a48                EE_ORTI_resource_oldpriority
                0x40000a4c                ee_ebss = .

.iplt           0x40000a50        0x0 load address 0x000219e0
 .iplt          0x00000000        0x0 obj/eecfg.o

.stack          0x40000a50     0x1000 load address 0x000219e0
                0x40000a50                ee_sstack = .
 *(.stack)
 .stack         0x40000a50     0x1000 ./libee.a(ee_e200zx_cpu.o)
                0x40000a50                EE_e200zx_sys_stack
                0x40001a50                ee_estack = .
LOAD obj/eecfg.o
LOAD obj/code.o
LOAD obj/lcd.o
LOAD obj/pkg/mcu/freescale_mpc5674f/src/ee_boot.o
LOAD ./libee.a
OUTPUT(ppc.elf elf32-powerpc)

.comment        0x00000000       0x11
 .comment       0x00000000       0x11 obj/eecfg.o
                                 0x12 (size before relaxing)
 .comment       0x00000000       0x12 obj/code.o
 .comment       0x00000000       0x12 obj/lcd.o
 .comment       0x00000000       0x12 ./libee.a(ee_e200zx_cpu.o)
 .comment       0x00000000       0x12 ./libee.a(ee_irq.o)
 .comment       0x00000000       0x12 ./libee.a(ee_terminat.o)
 .comment       0x00000000       0x12 ./libee.a(ee_irqendin.o)
 .comment       0x00000000       0x12 ./libee.a(ee_tstub.o)
 .comment       0x00000000       0x12 ./libee.a(ee_lookup.o)
 .comment       0x00000000       0x12 ./libee.a(ee_rq_exchg.o)
 .comment       0x00000000       0x12 ./libee.a(ee_startos.o)
 .comment       0x00000000       0x12 ./libee.a(ee_hal_structs.o)
 .comment       0x00000000       0x12 ./libee.a(ee_context.o)
 .comment       0x00000000       0x12 ./libee.a(ee_thendin.o)
 .comment       0x00000000       0x12 ./libee.a(ee_tnterm.o)
 .comment       0x00000000       0x12 ./libee.a(ee_rq_inser.o)
 .comment       0x00000000       0x12 ./libee.a(ee_ulockallres.o)
 .comment       0x00000000       0x12 ./libee.a(ee_lockres.o)

.PPC.EMB.apuinfo
                0x00000000       0x18
 .PPC.EMB.apuinfo
                0x00000000       0x18 obj/code.o
 .PPC.EMB.apuinfo
                0x00000018       0x18 obj/lcd.o
 .PPC.EMB.apuinfo
                0x00000030       0x18 obj/pkg/mcu/freescale_mpc5674f/src/ee_boot.o
 .PPC.EMB.apuinfo
                0x00000048       0x18 ./libee.a(ee_entry.o)
 .PPC.EMB.apuinfo
                0x00000060       0x18 ./libee.a(ee_e200zx_cpu.o)
 .PPC.EMB.apuinfo
                0x00000078       0x18 ./libee.a(ee_ivor.o)
 .PPC.EMB.apuinfo
                0x00000090       0x18 ./libee.a(ee_irq.o)
 .PPC.EMB.apuinfo
                0x000000a8       0x18 ./libee.a(ee_terminat.o)
 .PPC.EMB.apuinfo
                0x000000c0       0x18 ./libee.a(ee_irqendin.o)
 .PPC.EMB.apuinfo
                0x000000d8       0x18 ./libee.a(ee_rq_exchg.o)
 .PPC.EMB.apuinfo
                0x000000f0       0x18 ./libee.a(ee_startos.o)
 .PPC.EMB.apuinfo
                0x00000108       0x18 ./libee.a(ee_oo.o)
 .PPC.EMB.apuinfo
                0x00000120       0x18 ./libee.a(ee_context.o)
 .PPC.EMB.apuinfo
                0x00000138       0x18 ./libee.a(ee_thendin.o)
 .PPC.EMB.apuinfo
                0x00000150       0x18 ./libee.a(ee_tnterm.o)
 .PPC.EMB.apuinfo
                0x00000168       0x18 ./libee.a(ee_rq_inser.o)
 .PPC.EMB.apuinfo
                0x00000180       0x18 ./libee.a(ee_ulockallres.o)
 .PPC.EMB.apuinfo
                0x00000198       0x18 ./libee.a(ee_lockres.o)

Cross Reference Table

Symbol                                            File
EE_ApplicationMode                                obj/eecfg.o
                                                  ./libee.a(ee_startos.o)
EE_IRQ_end_instance                               ./libee.a(ee_irqendin.o)
                                                  ./libee.a(ee_irq.o)
EE_IRQ_end_post_stub                              ./libee.a(ee_irqendin.o)
                                                  ./libee.a(ee_irq.o)
EE_IRQ_nesting_level                              ./libee.a(ee_hal_structs.o)
                                                  ./libee.a(ee_lockres.o)
                                                  ./libee.a(ee_terminat.o)
                                                  ./libee.a(ee_irq.o)
EE_ORTI_lasterror                                 ./libee.a(ee_startos.o)
                                                  ./libee.a(ee_lockres.o)
                                                  ./libee.a(ee_tnterm.o)
                                                  ./libee.a(ee_irqendin.o)
                                                  ./libee.a(ee_terminat.o)
EE_ORTI_resource_oldpriority                      ./libee.a(ee_lockres.o)
                                                  ./libee.a(ee_ulockallres.o)
EE_ORTI_runningisr2                               ./libee.a(ee_startos.o)
                                                  ./libee.a(ee_irq.o)
EE_ORTI_servicetrace                              ./libee.a(ee_startos.o)
                                                  ./libee.a(ee_lockres.o)
                                                  ./libee.a(ee_terminat.o)
EE_ORTI_th_priority                               ./libee.a(ee_startos.o)
                                                  ./libee.a(ee_lockres.o)
                                                  ./libee.a(ee_ulockallres.o)
                                                  ./libee.a(ee_thendin.o)
                                                  ./libee.a(ee_irqendin.o)
EE_e200z7_ISR_table                               ./libee.a(ee_irq.o)
EE_e200z7_irq                                     ./libee.a(ee_irq.o)
                                                  ./libee.a(ee_entry.o)
EE_e200z7_register_ISR                            ./libee.a(ee_irq.o)
EE_e200z7_setup_decrementer                       ./libee.a(ee_e200zx_cpu.o)
EE_e200z7_setup_decrementer_oneshot               ./libee.a(ee_e200zx_cpu.o)
EE_e200z7_stop_decrementer                        ./libee.a(ee_e200zx_cpu.o)
EE_e200zx_decrementer_handler                     ./libee.a(ee_entry.o)
                                                  ./libee.a(ee_ivor.o)
EE_e200zx_delay                                   ./libee.a(ee_e200zx_cpu.o)
EE_e200zx_external_input_handler                  ./libee.a(ee_entry.o)
                                                  ./libee.a(ee_ivor.o)
EE_e200zx_fixed_intv_handler                      ./libee.a(ee_entry.o)
                                                  ./libee.a(ee_ivor.o)
EE_e200zx_setup_fixed_intv                        ./libee.a(ee_e200zx_cpu.o)
EE_e200zx_stop_fixed_intv                         ./libee.a(ee_e200zx_cpu.o)
EE_e200zx_sys_stack                               ./libee.a(ee_e200zx_cpu.o)
                                                  obj/pkg/mcu/freescale_mpc5674f/src/ee_boot.o
EE_hal_terminate_savestk                          ./libee.a(ee_oo.o)
                                                  ./libee.a(ee_tstub.o)
EE_hal_terminate_task                             ./libee.a(ee_oo.o)
                                                  ./libee.a(ee_tnterm.o)
                                                  ./libee.a(ee_terminat.o)
EE_hal_thread_body                                obj/eecfg.o
EE_oo_GetResource                                 ./libee.a(ee_lockres.o)
EE_oo_IRQ_disable_count                           ./libee.a(ee_lookup.o)
                                                  ./libee.a(ee_thendin.o)
                                                  ./libee.a(ee_irqendin.o)
EE_oo_IRQ_suspend_status                          ./libee.a(ee_lookup.o)
EE_oo_StartOS                                     ./libee.a(ee_startos.o)
                                                  obj/code.o
EE_oo_TerminateTask                               ./libee.a(ee_terminat.o)
                                                  obj/code.o
EE_oo_autostart_task_data                         obj/eecfg.o
                                                  ./libee.a(ee_startos.o)
EE_oo_release_all_resources                       ./libee.a(ee_ulockallres.o)
                                                  ./libee.a(ee_tnterm.o)
EE_oo_started                                     ./libee.a(ee_startos.o)
EE_oo_thread_stub                                 ./libee.a(ee_tstub.o)
                                                  ./libee.a(ee_context.o)
                                                  obj/eecfg.o
EE_resource_ceiling                               obj/eecfg.o
                                                  ./libee.a(ee_lockres.o)
EE_resource_locked                                obj/eecfg.o
                                                  ./libee.a(ee_lockres.o)
                                                  ./libee.a(ee_ulockallres.o)
EE_resource_oldceiling                            obj/eecfg.o
                                                  ./libee.a(ee_lockres.o)
                                                  ./libee.a(ee_ulockallres.o)
EE_resource_stack                                 obj/eecfg.o
                                                  ./libee.a(ee_lockres.o)
                                                  ./libee.a(ee_ulockallres.o)
EE_rq2stk_exchange                                ./libee.a(ee_rq_exchg.o)
                                                  ./libee.a(ee_thendin.o)
                                                  ./libee.a(ee_startos.o)
                                                  ./libee.a(ee_irqendin.o)
EE_rq_first                                       obj/eecfg.o
                                                  ./libee.a(ee_rq_inser.o)
                                                  ./libee.a(ee_thendin.o)
                                                  ./libee.a(ee_startos.o)
                                                  ./libee.a(ee_rq_exchg.o)
                                                  ./libee.a(ee_irqendin.o)
EE_rq_insert                                      ./libee.a(ee_rq_inser.o)
                                                  ./libee.a(ee_thendin.o)
                                                  ./libee.a(ee_startos.o)
EE_std_endcycle_next_tid                          ./libee.a(ee_hal_structs.o)
                                                  ./libee.a(ee_thendin.o)
                                                  ./libee.a(ee_context.o)
                                                  ./libee.a(ee_irqendin.o)
                                                  ./libee.a(ee_irq.o)
EE_std_run_task_code                              ./libee.a(ee_context.o)
                                                  ./libee.a(ee_startos.o)
                                                  ./libee.a(ee_irq.o)
EE_stkfirst                                       obj/eecfg.o
                                                  ./libee.a(ee_lockres.o)
                                                  ./libee.a(ee_tnterm.o)
                                                  ./libee.a(ee_thendin.o)
                                                  ./libee.a(ee_rq_exchg.o)
                                                  ./libee.a(ee_tstub.o)
                                                  ./libee.a(ee_terminat.o)
EE_sys_ceiling                                    obj/eecfg.o
                                                  ./libee.a(ee_lockres.o)
                                                  ./libee.a(ee_ulockallres.o)
                                                  ./libee.a(ee_thendin.o)
                                                  ./libee.a(ee_startos.o)
                                                  ./libee.a(ee_irqendin.o)
EE_terminate_data                                 obj/eecfg.o
                                                  ./libee.a(ee_oo.o)
EE_terminate_real_th_body                         obj/eecfg.o
                                                  ./libee.a(ee_oo.o)
EE_th_dispatch_prio                               obj/eecfg.o
                                                  ./libee.a(ee_thendin.o)
                                                  ./libee.a(ee_startos.o)
                                                  ./libee.a(ee_irqendin.o)
EE_th_next                                        obj/eecfg.o
                                                  ./libee.a(ee_rq_inser.o)
                                                  ./libee.a(ee_thendin.o)
                                                  ./libee.a(ee_rq_exchg.o)
EE_th_ready_prio                                  obj/eecfg.o
                                                  ./libee.a(ee_lockres.o)
                                                  ./libee.a(ee_rq_inser.o)
                                                  ./libee.a(ee_thendin.o)
                                                  ./libee.a(ee_irqendin.o)
EE_th_resource_last                               obj/eecfg.o
                                                  ./libee.a(ee_lockres.o)
                                                  ./libee.a(ee_ulockallres.o)
                                                  ./libee.a(ee_terminat.o)
EE_th_rnact                                       obj/eecfg.o
                                                  ./libee.a(ee_thendin.o)
                                                  ./libee.a(ee_startos.o)
EE_th_status                                      obj/eecfg.o
                                                  ./libee.a(ee_thendin.o)
                                                  ./libee.a(ee_startos.o)
                                                  ./libee.a(ee_irqendin.o)
EE_th_terminate_nextask                           obj/eecfg.o
                                                  ./libee.a(ee_thendin.o)
                                                  ./libee.a(ee_terminat.o)
EE_thread_end_instance                            ./libee.a(ee_thendin.o)
                                                  ./libee.a(ee_context.o)
EE_thread_not_terminated                          ./libee.a(ee_tnterm.o)
                                                  ./libee.a(ee_oo.o)
FuncTaskShowLCD                                   obj/code.o
                                                  obj/eecfg.o
_SDA2_BASE_                                       obj/pkg/mcu/freescale_mpc5674f/src/ee_boot.o
_SDA_BASE_                                        obj/pkg/mcu/freescale_mpc5674f/src/ee_boot.o
__start                                           obj/pkg/mcu/freescale_mpc5674f/src/ee_boot.o
_bam_data                                         obj/pkg/mcu/freescale_mpc5674f/src/ee_boot.o
charmap                                           obj/code.o
cpu_setup                                         ./libee.a(ee_entry.o)
                                                  obj/pkg/mcu/freescale_mpc5674f/src/ee_boot.o
ee_ebss                                           obj/pkg/mcu/freescale_mpc5674f/src/ee_boot.o
ee_estack                                         obj/pkg/mcu/freescale_mpc5674f/src/ee_boot.o
ee_load_ram                                       obj/pkg/mcu/freescale_mpc5674f/src/ee_boot.o
ee_sbss                                           obj/pkg/mcu/freescale_mpc5674f/src/ee_boot.o
ee_sdata                                          obj/pkg/mcu/freescale_mpc5674f/src/ee_boot.o
ee_sstack                                         obj/pkg/mcu/freescale_mpc5674f/src/ee_boot.o
isram_base                                        ./libee.a(ee_entry.o)
isram_len                                         ./libee.a(ee_entry.o)
ivor_setup                                        ./libee.a(ee_ivor.o)
                                                  ./libee.a(ee_entry.o)
lcd_getport                                       obj/lcd.o
lcd_init                                          obj/lcd.o
                                                  obj/code.o
lcd_portinit                                      obj/lcd.o
                                                  obj/code.o
lcd_sendchar                                      obj/lcd.o
                                                  obj/code.o
lcd_set_custom_char                               obj/lcd.o
                                                  obj/code.o
lcd_seten                                         obj/lcd.o
lcd_setport                                       obj/lcd.o
lcd_setrs                                         obj/lcd.o
lcd_setrw                                         obj/lcd.o
main                                              obj/code.o
                                                  obj/pkg/mcu/freescale_mpc5674f/src/ee_boot.o
mycounter                                         obj/code.o
mydelay                                           obj/code.o
sram_setup                                        ./libee.a(ee_entry.o)
                                                  obj/pkg/mcu/freescale_mpc5674f/src/ee_boot.o
tunable_delay                                     obj/code.o
